// Jest Snapshot v1, https://goo.gl/fbAQLP

exports[`RouteControl should match snapshot 1`] = `
<div
  className="route-control__container"
>
  <button
    className="route-control__button"
    onClick={[Function]}
  >
    Route Toggles &gt;
  </button>
  <ul
    className="route-list "
  >
    <li
      className="route-list-item route-list-item__title"
    >
      <span>
        Route Toggles
      </span>
      <i
        className="route-control__button route-control--exit"
        onClick={[Function]}
      >
        X
      </i>
    </li>
    <li
      className="route-list-item"
    >
      <input
        onChange={[Function]}
        type="checkbox"
      />
      <span>
        Select All
      </span>
    </li>
    <li
      className="route-list-item"
    >
      <input
        checked={true}
        onChange={[Function]}
        type="checkbox"
      />
      <span>
        44-O'Shaughnessy
      </span>
    </li>
    <li
      className="route-list-item"
    >
      <input
        checked={true}
        onChange={[Function]}
        type="checkbox"
      />
      <span>
        KT-Ingleside/Third Street
      </span>
    </li>
  </ul>
</div>
`;
